# GOR compatibility baselines. Generated by :compat:accept — do not hand-edit.
>>> cmd.adjust.flag_bh
Chrom	Pos	PVal	BH
chr1	100	0.001	0.0030000
chr1	200	0.04	0.060000
chr2	150	0.6	0.60000
<<<
>>> cmd.adjust.flag_bonf
Chrom	Pos	PVal	BONF
chr1	100	0.001	0.0030000
chr1	200	0.04	0.12000
chr2	150	0.6	1.0000
<<<
>>> cmd.adjust.flag_by
Chrom	Pos	PVal	BY
chr1	100	0.001	0.0055000
chr1	200	0.04	0.11000
chr2	150	0.6	1.0000
<<<
>>> cmd.adjust.flag_gc
ERROR: You must specify at least one of the following options:
-gcc	: Genomic control correction
-bonf	: Bonferroni correction
-holm	: Holm-Bonferroni correction
-ss	: Sidak single step correction.
-sd	: Sidak step down correction.
-bh	: Benjamini-Hochberg correction.
-by	: Benjamini-Yekutieli correction.

<<<
>>> cmd.adjust.flag_gcc
Chrom	Pos	PVal	GC
chr1	100	0.001	0.27984
chr1	200	0.04	0.50000
chr2	150	0.6	0.86326
<<<
>>> cmd.adjust.flag_holm
Chrom	Pos	PVal	HOLM
chr1	100	0.001	0.0030000
chr1	200	0.04	0.080000
chr2	150	0.6	0.60000
<<<
>>> cmd.adjust.flag_pc
ERROR: You must specify at least one of the following options:
-gcc	: Genomic control correction
-bonf	: Bonferroni correction
-holm	: Holm-Bonferroni correction
-ss	: Sidak single step correction.
-sd	: Sidak step down correction.
-bh	: Benjamini-Hochberg correction.
-by	: Benjamini-Yekutieli correction.

<<<
>>> cmd.adjust.flag_qq
ERROR: You must specify at least one of the following options:
-gcc	: Genomic control correction
-bonf	: Bonferroni correction
-holm	: Holm-Bonferroni correction
-ss	: Sidak single step correction.
-sd	: Sidak step down correction.
-bh	: Benjamini-Hochberg correction.
-by	: Benjamini-Yekutieli correction.

<<<
>>> cmd.adjust.flag_sd
Chrom	Pos	PVal	SD
chr1	100	0.001	0.0029970
chr1	200	0.04	0.078400
chr2	150	0.6	0.60000
<<<
>>> cmd.adjust.flag_ss
Chrom	Pos	PVal	SS
chr1	100	0.001	0.0029970
chr1	200	0.04	0.11526
chr2	150	0.6	0.93600
<<<
