# GOR compatibility baselines. Generated by :compat:accept — do not hand-edit.
>>> cmd.bases.bare
Chrom	Pos	Ref	Base	ReadPos	BaseQual	MDI
chr1	100	N	A	0	40	M
chr1	101	N	C	1	40	M
chr1	102	N	G	2	40	M
chr1	103	N	T	3	40	M
chr1	200	N	A	0	40	M
<<<
>>> cmd.bases.flag_count
Chrom	Pos	Ref	Base	ReadPos	BaseQual	MDI
chr1	100	N	A	0	40	M
chr1	101	N	C	1	40	M
chr1	102	N	G	2	40	M
chr1	103	N	T	3	40	M
chr1	200	N	A	0	40	M
<<<
>>> cmd.bases.flag_gc
Chrom	Pos	Ref	Base	ReadPos	BaseQual	MDI	Chrom
chr1	100	N	A	0	40	M	chr1
chr1	101	N	C	1	40	M	chr1
chr1	102	N	G	2	40	M	chr1
chr1	103	N	T	3	40	M	chr1
chr1	200	N	A	0	40	M	chr1
<<<
>>> cmd.bases.flag_readlength
Chrom	Pos	Ref	Base	ReadPos	BaseQual	MDI
chr1	100	N	A	0	40	M
chr1	101	N	C	1	40	M
chr1	102	N	G	2	40	M
chr1	103	N	T	3	40	M
chr1	200	N	A	0	40	M
<<<
