# GOR compatibility baselines. Generated by :compat:accept — do not hand-edit.
>>> cmd.cigarsegs.bare
Chrom	bpStart	bpStop	ID
chr1	99	103	1
chr1	199	201	2
chr1	202	204	4
chr2	149	152	5
<<<
>>> cmd.cigarsegs.flag_gc
Chrom	bpStart	bpStop	ID	Chrom
chr1	99	103	1	chr1
chr1	199	201	2	chr1
chr1	202	204	4	chr1
chr2	149	152	5	chr2
<<<
>>> cmd.cigarsegs.flag_readlength
Chrom	bpStart	bpStop	ID
chr1	99	103	1
chr1	199	201	2
chr1	202	204	4
chr2	149	152	5
<<<
>>> cmd.cigarsegs.flag_seq
Chrom	Pos	Seq	ID
chr1	100	ACGT	1
chr1	200	AC	2
chr1	203	GT	2
chr2	150	TTG	3
<<<
