# GOR compatibility baselines. Generated by :compat:accept — do not hand-edit.
>>> cmd.collect.bare
ERROR: No collection option selected, select at least one of -ave, -sum, -std, -var
<<<
>>> cmd.collect.flag_ave
Chrom	Pos	Ref	Alt	Pos_average
chr1	100	A	G	100.0
chr1	200	C	T	150.0
chr2	150	G	A	150.0
<<<
>>> cmd.collect.flag_std
Chrom	Pos	Ref	Alt	Pos_std
chr1	100	A	G	0.0
chr1	200	C	T	50.0
chr2	150	G	A	40.824829046386306
<<<
>>> cmd.collect.flag_sum
Chrom	Pos	Ref	Alt	Pos_sum
chr1	100	A	G	100.0
chr1	200	C	T	300.0
chr2	150	G	A	450.0
<<<
>>> cmd.collect.flag_var
Chrom	Pos	Ref	Alt	Pos_variance
chr1	100	A	G	0.0
chr1	200	C	T	2500.0
chr2	150	G	A	1666.6666666666667
<<<
