# GOR compatibility baselines. Generated by :compat:accept — do not hand-edit.
>>> cmd.csvsel.bare
ERROR: Invalid arguments in CSVSEL. Argument(s) ${ROOT}/right.gor not a part of this command
<<<
>>> cmd.csvsel.flag_dose
ERROR: Invalid arguments in CSVSEL. Argument(s) ${ROOT}/right.gor not a part of this command
<<<
>>> cmd.csvsel.flag_gc
ERROR: Invalid arguments in CSVSEL. Argument(s) ${ROOT}/right.gor not a part of this command
<<<
>>> cmd.csvsel.flag_nopar
ERROR: Invalid arguments in CSVSEL. Argument(s) ${ROOT}/right.gor not a part of this command
<<<
>>> cmd.csvsel.flag_s
ERROR: Invalid arguments in CSVSEL. Argument(s) ${ROOT}/right.gor not a part of this command
<<<
>>> cmd.csvsel.flag_threshold
ERROR: Invalid arguments in CSVSEL. Argument(s) ${ROOT}/right.gor not a part of this command
<<<
>>> cmd.csvsel.flag_u
ERROR: Invalid arguments in CSVSEL. Argument(s) ${ROOT}/right.gor not a part of this command
<<<
>>> cmd.csvsel.flag_vcf
ERROR: Invalid arguments in CSVSEL. Argument(s) ${ROOT}/right.gor not a part of this command
<<<
>>> cmd.csvsel.flag_vs
ERROR: Invalid arguments in CSVSEL. Argument(s) ${ROOT}/right.gor not a part of this command
<<<
