# GOR compatibility baselines. Generated by :compat:accept — do not hand-edit.
>>> cmd.gava.flag_bailout
Chrom	gene_start	gene_end	gene_symbol	chiPVal	pVal	Iterations
chr1	50	250	BRCA1	0.1889107000056922	0.1889107000056922	0
chr2	100	200	EGFR	0.3387484301648984	0.3387484301648984	0
<<<
>>> cmd.gava.flag_casepene
Chrom	gene_start	gene_end	gene_symbol	chiPVal	pVal	Iterations
chr1	50	250	BRCA1	0.1889107000056922	0.1889107000056922	0
chr2	100	200	EGFR	0.3387484301648984	0.3387484301648984	0
<<<
>>> cmd.gava.flag_ctrlpene
Chrom	gene_start	gene_end	gene_symbol	chiPVal	pVal	Iterations
chr1	50	250	BRCA1	0.1889107000056922	0.1889107000056922	0
chr2	100	200	EGFR	0.3387484301648984	0.3387484301648984	0
<<<
>>> cmd.gava.flag_debug
Chrom	gene_start	gene_end	gene_symbol	chiPVal	pVal	Iterations
chr1	50	250	BRCA1	0.1889107000056922	0.1889107000056922	0
chr2	100	200	EGFR	0.3387484301648984	0.3387484301648984	0
<<<
>>> cmd.gava.flag_dominant
Chrom	gene_start	gene_end	gene_symbol	chiPVal	pVal	Iterations
chr1	50	250	BRCA1	0.09589096714246556	0.09589096714246556	0
chr2	100	200	EGFR	0.16133605526026906	0.16133605526026906	0
<<<
>>> cmd.gava.flag_grouping
Chrom	gene_start	gene_end	gene_symbol	chiPVal	pVal	Iterations
chr1	50	250	BRCA1	0.1889107000056922	0.1889107000056922	0
chr2	100	200	EGFR	0.3387484301648984	0.3387484301648984	0
<<<
>>> cmd.gava.flag_maxaf
Chrom	gene_start	gene_end	gene_symbol	chiPVal	pVal	Iterations
chr1	50	250	BRCA1	0.1889107000056922	0.1889107000056922	0
chr2	100	200	EGFR	0.3387484301648984	0.3387484301648984	0
<<<
>>> cmd.gava.flag_nomaxallelecounts
Chrom	gene_start	gene_end	gene_symbol	chiPVal	pVal	Iterations
chr1	50	250	BRCA1	0.1889107000056922	0.1889107000056922	0
chr2	100	200	EGFR	0.3387484301648984	0.3387484301648984	0
<<<
>>> cmd.gava.flag_protective
Chrom	gene_start	gene_end	gene_symbol	chiPVal	pVal	Iterations
chr1	50	250	BRCA1	0.1889107000056922	0.1889107000056922	0
chr2	100	200	EGFR	0.3387484301648984	0.3387484301648984	0
<<<
>>> cmd.gava.flag_recessive
Chrom	gene_start	gene_end	gene_symbol	chiPVal	pVal	Iterations
chr1	50	250	BRCA1	1.0	1.0	0
chr2	100	200	EGFR	1.0	1.0	0
<<<
>>> cmd.gava.flag_usephase
Chrom	gene_start	gene_end	gene_symbol	chiPVal	pVal	Iterations
chr1	50	250	BRCA1	0.1889107000056922	0.1889107000056922	0
chr2	100	200	EGFR	0.3387484301648984	0.3387484301648984	0
<<<
