# GOR compatibility baselines. Generated by :compat:accept — do not hand-edit.
>>> cmd.granno.flag_avg
ERROR: Error in aggregate calculation - no columns to calculate an aggregate. Use -gc, -sc, -ic or -fc to select aggregation columns.
<<<
>>> cmd.granno.flag_cdist
Chrom	Pos	Ref	Alt	distCount
chr1	100	A	G	2
chr1	200	C	T	2
chr2	150	G	A	1
<<<
>>> cmd.granno.flag_count
Chrom	Pos	Ref	Alt	allCount
chr1	100	A	G	2
chr1	200	C	T	2
chr2	150	G	A	1
<<<
>>> cmd.granno.flag_dis
ERROR: Error in aggregate calculation - no columns to calculate an aggregate. Use -gc, -sc, -ic or -fc to select aggregation columns.
<<<
>>> cmd.granno.flag_gc
ERROR: Error in aggregate calculation - no columns to calculate an aggregate. Use -gc, -sc, -ic or -fc to select aggregation columns.
<<<
>>> cmd.granno.flag_h
ERROR: Error in aggregate calculation - no columns to calculate an aggregate. Use -gc, -sc, -ic or -fc to select aggregation columns.
<<<
>>> cmd.granno.flag_lis
ERROR: Error in aggregate calculation - no columns to calculate an aggregate. Use -gc, -sc, -ic or -fc to select aggregation columns.
<<<
>>> cmd.granno.flag_max
ERROR: Error in aggregate calculation - no columns to calculate an aggregate. Use -gc, -sc, -ic or -fc to select aggregation columns.
<<<
>>> cmd.granno.flag_med
ERROR: Error in aggregate calculation - no columns to calculate an aggregate. Use -gc, -sc, -ic or -fc to select aggregation columns.
<<<
>>> cmd.granno.flag_min
ERROR: Error in aggregate calculation - no columns to calculate an aggregate. Use -gc, -sc, -ic or -fc to select aggregation columns.
<<<
>>> cmd.granno.flag_ordered
ERROR: Error in aggregate calculation - no columns to calculate an aggregate. Use -gc, -sc, -ic or -fc to select aggregation columns.
<<<
>>> cmd.granno.flag_range
ERROR: Error in aggregate calculation - no columns to calculate an aggregate. Use -gc, -sc, -ic or -fc to select aggregation columns.
<<<
>>> cmd.granno.flag_s
ERROR: Error in aggregate calculation - no columns to calculate an aggregate. Use -gc, -sc, -ic or -fc to select aggregation columns.
<<<
>>> cmd.granno.flag_sc
ERROR: Error in aggregate calculation - no columns to calculate an aggregate. Use -gc, -sc, -ic or -fc to select aggregation columns.
<<<
>>> cmd.granno.flag_set
ERROR: Error in aggregate calculation - no columns to calculate an aggregate. Use -gc, -sc, -ic or -fc to select aggregation columns.
<<<
>>> cmd.granno.flag_std
ERROR: Error in aggregate calculation - no columns to calculate an aggregate. Use -gc, -sc, -ic or -fc to select aggregation columns.
<<<
>>> cmd.granno.flag_sum
ERROR: Error in aggregate calculation - no columns to calculate an aggregate. Use -gc, -sc, -ic or -fc to select aggregation columns.
<<<
