# GOR compatibility baselines. Generated by :compat:accept — do not hand-edit.
>>> cmd.group.flag_avg
ERROR: No columns selected for aggregation. Use -gc, -sc, -ic, or -fc to specify which columns should be aggregated.
<<<
>>> cmd.group.flag_cdist
Chrom	bpStart	bpStop	distCount
chr1	0	1000	2
chr2	0	1000	1
<<<
>>> cmd.group.flag_count
Chrom	bpStart	bpStop	allCount
chr1	0	1000	2
chr2	0	1000	1
<<<
>>> cmd.group.flag_dis
ERROR: No columns selected for aggregation. Use -gc, -sc, -ic, or -fc to specify which columns should be aggregated.
<<<
>>> cmd.group.flag_gc
Chrom	bpStart	bpStop	Chromx
chr1	0	1000	chr1
chr2	0	1000	chr2
<<<
>>> cmd.group.flag_h
Chrom	Pos	Ref	Alt
chr1	0	1000
chr2	0	1000
<<<
>>> cmd.group.flag_lis
ERROR: No columns selected for aggregation. Use -gc, -sc, -ic, or -fc to specify which columns should be aggregated.
<<<
>>> cmd.group.flag_max
ERROR: No columns selected for aggregation. Use -gc, -sc, -ic, or -fc to specify which columns should be aggregated.
<<<
>>> cmd.group.flag_med
ERROR: No columns selected for aggregation. Use -gc, -sc, -ic, or -fc to specify which columns should be aggregated.
<<<
>>> cmd.group.flag_min
ERROR: No columns selected for aggregation. Use -gc, -sc, -ic, or -fc to specify which columns should be aggregated.
<<<
>>> cmd.group.flag_notruncate
Chrom	bpStart	bpStop
chr1	0	1000
chr2	0	1000
<<<
>>> cmd.group.flag_ordered
Chrom	bpStart	bpStop
chr1	0	1000
<<<
>>> cmd.group.flag_s
Chrom	bpStart	bpStop
chr1	0	1000
chr2	0	1000
<<<
>>> cmd.group.flag_sc
Chrom	bpStart	bpStop
chr1	0	1000
chr2	0	1000
<<<
>>> cmd.group.flag_set
ERROR: No columns selected for aggregation. Use -gc, -sc, -ic, or -fc to specify which columns should be aggregated.
<<<
>>> cmd.group.flag_std
ERROR: No columns selected for aggregation. Use -gc, -sc, -ic, or -fc to specify which columns should be aggregated.
<<<
>>> cmd.group.flag_sum
ERROR: No columns selected for aggregation. Use -gc, -sc, -ic, or -fc to specify which columns should be aggregated.
<<<
