# GOR compatibility baselines. Generated by :compat:accept — do not hand-edit.
>>> cmd.inset.bare
ERROR: Value option -c is not found
<<<
>>> cmd.inset.flag_b
ERROR: Value option -c is not found
<<<
>>> cmd.inset.flag_c
Chrom	Pos	Ref	Alt
chr1	100	A	G
chr1	200	C	T
chr2	150	G	A
<<<
>>> cmd.inset.flag_cartesian
Chrom	Pos	Ref	Alt
chr1	100	A	G	chr1	100	BRCA1
chr1	100	A	G	chr1	250	TP53
chr1	100	A	G	chr2	150	EGFR
chr1	200	C	T	chr1	100	BRCA1
chr1	200	C	T	chr1	250	TP53
<<<
>>> cmd.inset.flag_cis
ERROR: Value option -c is not found
<<<
>>> cmd.inset.flag_e
ERROR: Value option -c is not found
<<<
>>> cmd.inset.flag_h
ERROR: Value option -c is not found
<<<
>>> cmd.inset.flag_n
ERROR: Value option -c is not found
<<<
>>> cmd.inset.flag_not
ERROR: Value option -c is not found
<<<
>>> cmd.inset.flag_ordered
ERROR: Value option -c is not found
<<<
>>> cmd.inset.flag_s
ERROR: Value option -c is not found
<<<
