# GOR compatibility baselines. Generated by :compat:accept — do not hand-edit.
>>> cmd.join.flag_c
Chrom	Pos	Ref	Alt	Gene
chr1	100	A	G	BRCA1
chr2	150	G	A	EGFR
<<<
>>> cmd.join.flag_e
Chrom	Pos	Ref	Alt	Gene
chr1	100	A	G	BRCA1
chr2	150	G	A	EGFR
<<<
>>> cmd.join.flag_f
Chrom	Pos	Ref	Alt	distance	Posx	Gene
chr1	100	A	G	0	100	BRCA1
chr2	150	G	A	0	150	EGFR
<<<
>>> cmd.join.flag_i
Chrom	Pos	Ref	Alt
chr1	100	A	G
chr2	150	G	A
<<<
>>> cmd.join.flag_ic
Chrom	Pos	Ref	Alt	OverlapCount
chr1	100	A	G	1
chr1	200	C	T	0
chr2	150	G	A	1
<<<
>>> cmd.join.flag_ir
Chrom	Pos	Gene
chr1	100	BRCA1
chr2	150	EGFR
<<<
>>> cmd.join.flag_l
Chrom	Pos	Ref	Alt	Gene
chr1	100	A	G	BRCA1
chr1	200	C	T	
chr2	150	G	A	EGFR
<<<
>>> cmd.join.flag_lstop
ERROR: Column number 0 is not in the following header with 4 columns: CHROM	POS	REF	ALT
<<<
>>> cmd.join.flag_m
Chrom	Pos	Ref	Alt	Gene
chr1	100	A	G	BRCA1
chr2	150	G	A	EGFR
<<<
>>> cmd.join.flag_maxseg
Chrom	Pos	Ref	Alt	Gene
chr1	100	A	G	BRCA1
chr2	150	G	A	EGFR
<<<
>>> cmd.join.flag_n
Chrom	Pos	Ref	Alt
chr1	200	C	T
<<<
>>> cmd.join.flag_o
Chrom	Pos	Ref	Alt	Gene
chr1	100	A	G	BRCA1
chr2	150	G	A	EGFR
<<<
>>> cmd.join.flag_p
Chrom	Pos	Ref	Alt	Gene
chr1	100	A	G	BRCA1
<<<
>>> cmd.join.flag_r
Chrom	Pos	Ref	Alt	Gene
chr1	100	A	G	BRCA1
chr2	150	G	A	EGFR
<<<
>>> cmd.join.flag_rprefix
Chrom	Pos	Ref	Alt	r_Gene
chr1	100	A	G	BRCA1
chr2	150	G	A	EGFR
<<<
>>> cmd.join.flag_rstop
ERROR: Column number 0 is not in the following header with 3 columns: CHROM	POS	GENE
<<<
>>> cmd.join.flag_s
Chrom	Pos	Ref	Alt	Gene
chr1	100	A	G	BRCA1
chr2	150	G	A	EGFR
<<<
>>> cmd.join.flag_segseg
ERROR: Illegal stop position in column #3 in the JOIN left-source :chr1	100	A	G
<<<
>>> cmd.join.flag_segsnp
ERROR: Illegal stop position in column #3 in the JOIN left-source :chr1	100	A	G
<<<
>>> cmd.join.flag_segvar
Chrom	Pos	Ref	Alt	Gene
chr1	100	A	G	0	100	BRCA1
chr2	150	G	A	0	150	EGFR
<<<
>>> cmd.join.flag_snpseg
ERROR: Illegal stop position in column #3 in the JOIN right-source : chr1	100	BRCA1
<<<
>>> cmd.join.flag_snpsnp
Chrom	Pos	Ref	Alt	Gene
chr1	100	A	G	BRCA1
chr2	150	G	A	EGFR
<<<
>>> cmd.join.flag_stdin
Chrom	Pos	Ref	Alt	Gene
chr1	100	A	G	BRCA1
chr2	150	G	A	EGFR
<<<
>>> cmd.join.flag_t
Chrom	Pos	Ref	Alt	Gene
chr1	100	A	G	BRCA1
chr2	150	G	A	EGFR
<<<
>>> cmd.join.flag_varseg
Chrom	Pos	Ref	Alt	Gene
chr1	100	A	G	0	100	BRCA1
chr2	150	G	A	0	150	EGFR
<<<
>>> cmd.join.flag_xcis
Chrom	Pos	Ref	Alt	Gene
chr1	100	A	G	BRCA1
chr2	150	G	A	EGFR
<<<
>>> cmd.join.flag_xl
ERROR: For equi-join, you MUST specify both -xl and -xr, NOT just one of them.
<<<
>>> cmd.join.flag_xr
ERROR: For equi-join, you MUST specify both -xl and -xr, NOT just one of them.
<<<
