# GOR compatibility baselines. Generated by :compat:accept — do not hand-edit.
>>> cmd.king.flag_gc
ERROR: There must be a AF column in the -gc column list.
<<<
>>> cmd.king.flag_maxvars
ERROR: Too many variants: variant at (chrA	0	.chrom,chrA	0	.pos) exceeds the maximum of 1 variants

<<<
>>> cmd.king.flag_phithr
Chrom	Pos	PN1	PN2	IBS0	XX	tpq	kpq	Nhet	Nhom	NAai	NAaj	count	pi0	phi	theta
<<<
>>> cmd.king.flag_pi0thr
Chrom	Pos	PN1	PN2	IBS0	XX	tpq	kpq	Nhet	Nhom	NAai	NAaj	count	pi0	phi	theta
chrA	0	PN003	PN002	0	3	0.15560000576078892	0.9200000315904617	0	0	1	2	3	0.0	-0.31521736331185557	0.0
<<<
>>> cmd.king.flag_s
ERROR: Separator must be a single character or empty char for fixed value size
<<<
>>> cmd.king.flag_thetathr
Chrom	Pos	PN1	PN2	IBS0	XX	tpq	kpq	Nhet	Nhom	NAai	NAaj	count	pi0	phi	theta
<<<
>>> cmd.king.flag_vs
ERROR: Either a separator (-s) or a fixed value size (-vs) must be specified, but not both
<<<
