# GOR compatibility baselines. Generated by :compat:accept — do not hand-edit.
>>> cmd.leftjoin.flag_c
Chrom	Pos	Ref	Alt	Gene
chr1	100	A	G	BRCA1
chr1	200	C	T	
chr2	150	G	A	EGFR
<<<
>>> cmd.leftjoin.flag_e
Chrom	Pos	Ref	Alt	Gene
chr1	100	A	G	BRCA1
chr1	200	C	T	0
chr2	150	G	A	EGFR
<<<
>>> cmd.leftjoin.flag_f
Chrom	Pos	Ref	Alt	distance	Posx	Gene
chr1	100	A	G	0	100	BRCA1
chr1	200	C	T			
chr2	150	G	A	0	150	EGFR
<<<
>>> cmd.leftjoin.flag_h
Chrom	Pos	Ref	Alt	Gene
chr1	100	A	G	BRCA1
chr1	200	C	T	
chr2	150	G	A	EGFR
<<<
>>> cmd.leftjoin.flag_i
ERROR: The -i option is NOT compatible with any of the following options: -l,-m,-n,-o,-t
<<<
>>> cmd.leftjoin.flag_ic
ERROR: The -ic option is NOT compatible with any of the following options: -l,-m,-n,-i,-o,-t, -ir
<<<
>>> cmd.leftjoin.flag_ir
ERROR: The -ir option is NOT compatible with any of the following options: -l,-m,-n,-i,-o,-t, -ic
<<<
>>> cmd.leftjoin.flag_l
Chrom	Pos	Ref	Alt	Gene
chr1	100	A	G	BRCA1
chr1	200	C	T	
chr2	150	G	A	EGFR
<<<
>>> cmd.leftjoin.flag_lstop
ERROR: Column number 0 is not in the following header with 4 columns: CHROM	POS	REF	ALT
<<<
>>> cmd.leftjoin.flag_m
Chrom	Pos	Ref	Alt	Gene
chr1	100	A	G	BRCA1
chr1	200	C	T	
chr2	150	G	A	EGFR
<<<
>>> cmd.leftjoin.flag_maxseg
Chrom	Pos	Ref	Alt	Gene
chr1	100	A	G	BRCA1
chr1	200	C	T	
chr2	150	G	A	EGFR
<<<
>>> cmd.leftjoin.flag_n
ERROR: The -n option is NOT compatible with any of the following options: -l,-m,-i,-o,-t
<<<
>>> cmd.leftjoin.flag_o
Chrom	Pos	Ref	Alt	Gene
chr1	100	A	G	BRCA1
chr1	200	C	T	
chr2	150	G	A	EGFR
<<<
>>> cmd.leftjoin.flag_p
Chrom	Pos	Ref	Alt	Gene
chr1	100	A	G	BRCA1
chr1	200	C	T	
<<<
>>> cmd.leftjoin.flag_r
Chrom	Pos	Ref	Alt	Gene
chr1	100	A	G	BRCA1
chr1	200	C	T	
chr2	150	G	A	EGFR
<<<
>>> cmd.leftjoin.flag_ref
Chrom	Pos	Ref	Alt	Gene
chr1	100	A	G	BRCA1
chr1	200	C	T	
chr2	150	G	A	EGFR
<<<
>>> cmd.leftjoin.flag_refl
Chrom	Pos	Ref	Alt	Gene
chr1	100	A	G	BRCA1
chr1	200	C	T	
chr2	150	G	A	EGFR
<<<
>>> cmd.leftjoin.flag_refr
ERROR: Column REF is not in header

1: CHROM
2: POS
3: GENE
<<<
>>> cmd.leftjoin.flag_rprefix
Chrom	Pos	Ref	Alt	r_Gene
chr1	100	A	G	BRCA1
chr1	200	C	T	
chr2	150	G	A	EGFR
<<<
>>> cmd.leftjoin.flag_rstop
ERROR: Column number 0 is not in the following header with 3 columns: CHROM	POS	GENE
<<<
>>> cmd.leftjoin.flag_s
Chrom	Pos	Ref	Alt	Gene
chr1	100	A	G	BRCA1
chr1	200	C	T	
chr2	150	G	A	EGFR
<<<
>>> cmd.leftjoin.flag_segseg
ERROR: Illegal stop position in column #3 in the JOIN left-source :chr1	100	A	G
<<<
>>> cmd.leftjoin.flag_segsnp
ERROR: Illegal stop position in column #3 in the JOIN left-source :chr1	100	A	G
<<<
>>> cmd.leftjoin.flag_segvar
Chrom	Pos	Ref	Alt	Gene
chr1	100	A	G	0	100	BRCA1
chr1	200	C	T	
chr2	150	G	A	0	150	EGFR
<<<
>>> cmd.leftjoin.flag_snpseg
ERROR: Illegal stop position in column #3 in the JOIN right-source : chr1	100	BRCA1
<<<
>>> cmd.leftjoin.flag_snpsnp
Chrom	Pos	Ref	Alt	Gene
chr1	100	A	G	BRCA1
chr1	200	C	T	
chr2	150	G	A	EGFR
<<<
>>> cmd.leftjoin.flag_stdin
Chrom	Pos	Ref	Alt	Gene
chr1	100	A	G	BRCA1
chr1	200	C	T	
chr2	150	G	A	EGFR
<<<
>>> cmd.leftjoin.flag_t
Chrom	Pos	Ref	Alt	Gene
chr1	100	A	G	BRCA1
chr1	200	C	T	
chr2	150	G	A	EGFR
<<<
>>> cmd.leftjoin.flag_varseg
Chrom	Pos	Ref	Alt	Gene
chr1	100	A	G	0	100	BRCA1
chr1	200	C	T	
chr2	150	G	A	0	150	EGFR
<<<
>>> cmd.leftjoin.flag_xcis
Chrom	Pos	Ref	Alt	Gene
chr1	100	A	G	BRCA1
chr1	200	C	T	
chr2	150	G	A	EGFR
<<<
>>> cmd.leftjoin.flag_xl
ERROR: For equi-join, you MUST specify both -xl and -xr, NOT just one of them.
<<<
>>> cmd.leftjoin.flag_xr
ERROR: For equi-join, you MUST specify both -xl and -xr, NOT just one of them.
<<<
