# GOR compatibility baselines. Generated by :compat:accept — do not hand-edit.
>>> cmd.liftover.bare
ERROR: Column LIFTOVER_QSTRAND is not in header

1: CHROM
2: POS
3: REF
4: ALT
5: DISTANCE
6: LIFTOVER_POS
7: LIFTOVER_GENE
8: LIFTOVER_NNSTART
9: LIFTOVER_NNEND
10: FULLOVERLAP
11: LIFTOVER_LIFTOVERSTATUS
12: LIFTOVER_SCORE
13: RANK_LIFTOVER_SCORE
14: LIFTOVER_NCHROM
15: LIFTOVER_NSTART
16: LIFTOVER_NEND
<<<
>>> cmd.liftover.flag_all
ERROR: Column LIFTOVER_QSTRAND is not in header

1: CHROM
2: POS
3: REF
4: ALT
5: DISTANCE
6: LIFTOVER_POS
7: LIFTOVER_GENE
8: LIFTOVER_NNSTART
9: LIFTOVER_NNEND
10: FULLOVERLAP
11: LIFTOVER_LIFTOVERSTATUS
12: LIFTOVER_SCORE
13: LIFTOVER_NCHROM
14: LIFTOVER_NSTART
15: LIFTOVER_NEND
<<<
>>> cmd.liftover.flag_alt
ERROR: Column LIFTOVER_QSTRAND is not in header

1: CHROM
2: POS
3: REF
4: ALT
5: DISTANCE
6: LIFTOVER_POS
7: LIFTOVER_GENE
8: LIFTOVER_NNSTART
9: LIFTOVER_NNEND
10: FULLOVERLAP
11: LIFTOVER_LIFTOVERSTATUS
12: LIFTOVER_SCORE
13: RANK_LIFTOVER_SCORE
14: LIFTOVER_NCHROM
15: LIFTOVER_NSTART
16: LIFTOVER_NEND
<<<
>>> cmd.liftover.flag_bam
ERROR: Column SEQ is not in header

1: CHROM
2: POS
3: REF
4: ALT
5: DISTANCE
6: LIFTOVER_POS
7: LIFTOVER_GENE
8: LIFTOVER_NNSTART
9: LIFTOVER_NNEND
10: FULLOVERLAP
11: LIFTOVER_LIFTOVERSTATUS
12: LIFTOVER_SCORE
13: RANK_LIFTOVER_SCORE
14: LIFTOVER_NCHROM
15: LIFTOVER_NSTART
16: LIFTOVER_NEND
<<<
>>> cmd.liftover.flag_build
ERROR: Column LIFTOVER_QSTRAND is not in header

1: CHROM
2: POS
3: REF
4: ALT
5: DISTANCE
6: LIFTOVER_POS
7: LIFTOVER_GENE
8: LIFTOVER_NNSTART
9: LIFTOVER_NNEND
10: FULLOVERLAP
11: LIFTOVER_LIFTOVERSTATUS
12: LIFTOVER_SCORE
13: RANK_LIFTOVER_SCORE
14: LIFTOVER_NCHROM
15: LIFTOVER_NSTART
16: LIFTOVER_NEND
<<<
>>> cmd.liftover.flag_ref
ERROR: Column LIFTOVER_QSTRAND is not in header

1: CHROM
2: POS
3: REF
4: ALT
5: DISTANCE
6: LIFTOVER_POS
7: LIFTOVER_GENE
8: LIFTOVER_NNSTART
9: LIFTOVER_NNEND
10: FULLOVERLAP
11: LIFTOVER_LIFTOVERSTATUS
12: LIFTOVER_SCORE
13: RANK_LIFTOVER_SCORE
14: LIFTOVER_NCHROM
15: LIFTOVER_NSTART
16: LIFTOVER_NEND
<<<
>>> cmd.liftover.flag_seg
ERROR: Column LIFTOVER_QSTRAND is not in header

1: CHROM
2: POS
3: REF
4: ALT
5: DISTANCE
6: LIFTOVER_POS
7: LIFTOVER_GENE
8: LIFTOVER_NNSTART
9: LIFTOVER_NNEND
10: FULLOVERLAP
11: LIFTOVER_LIFTOVERSTATUS
12: LIFTOVER_SCORE
13: RANK_LIFTOVER_SCORE
14: LIFTOVER_NCHROM
15: LIFTOVER_NSTART
16: LIFTOVER_NEND
<<<
>>> cmd.liftover.flag_snp
ERROR: Column LIFTOVER_QSTRAND is not in header

1: CHROM
2: POS
3: REF
4: ALT
5: DISTANCE
6: LIFTOVER_POS
7: LIFTOVER_GENE
8: LIFTOVER_NNSTART
9: FULLOVERLAP
10: LIFTOVER_LIFTOVERSTATUS
11: LIFTOVER_SCORE
12: RANK_LIFTOVER_SCORE
13: LIFTOVER_NCHROM
14: LIFTOVER_NSTART
<<<
>>> cmd.liftover.flag_var
ERROR: Column LIFTOVER_QSTRAND is not in header

1: CHROM
2: POS
3: REF
4: ALT
5: DISTANCE
6: LIFTOVER_POS
7: LIFTOVER_GENE
8: LIFTOVER_NNSTART
9: FULLOVERLAP
10: LIFTOVER_LIFTOVERSTATUS
11: LIFTOVER_SCORE
12: RANK_LIFTOVER_SCORE
13: LIFTOVER_NCHROM
14: LIFTOVER_NSTART
<<<
