# GOR compatibility baselines. Generated by :compat:accept — do not hand-edit.
>>> cmd.map.flag_b
Chrom	Pos	Ref	Alt	Posx	Gene
chr1	100	A	G	100,250	BRCA1,TP53
chr1	200	C	T	100,250	BRCA1,TP53
chr2	150	G	A	150	EGFR
<<<
>>> cmd.map.flag_c
Chrom	Pos	Ref	Alt	Posx	Gene
chr1	100	A	G	100,250	BRCA1,TP53
chr1	200	C	T	100,250	BRCA1,TP53
chr2	150	G	A	150	EGFR
<<<
>>> cmd.map.flag_cartesian
ERROR: The number of columns in the lookup file are too few:
First line in lookup file:Chrom,Pos,Gene
lookup cols: 
output cols: Chrom,Pos,Gene
<<<
>>> cmd.map.flag_cis
Chrom	Pos	Ref	Alt	Posx	Gene
chr1	100	A	G	100,250	BRCA1,TP53
chr1	200	C	T	100,250	BRCA1,TP53
chr2	150	G	A	150	EGFR
<<<
>>> cmd.map.flag_e
Chrom	Pos	Ref	Alt	Posx	Gene
chr1	100	A	G	100,250	BRCA1,TP53
chr1	200	C	T	100,250	BRCA1,TP53
chr2	150	G	A	150	EGFR
<<<
>>> cmd.map.flag_h
Chrom	Pos	Ref	Alt	Posx	Gene
chr1	100	A	G	100,250	BRCA1,TP53
chr1	200	C	T	100,250	BRCA1,TP53
chr2	150	G	A	150	EGFR
<<<
>>> cmd.map.flag_l
Chrom	Pos	Ref	Alt	Posx	Gene
chr1	100	A	G	100	BRCA1
chr1	100	A	G	250	TP53
chr1	200	C	T	100	BRCA1
chr1	200	C	T	250	TP53
chr2	150	G	A	150	EGFR
<<<
>>> cmd.map.flag_m
Chrom	Pos	Ref	Alt	Posx	Gene
chr1	100	A	G	100,250	BRCA1,TP53
chr1	200	C	T	100,250	BRCA1,TP53
chr2	150	G	A	150	EGFR
<<<
>>> cmd.map.flag_n
Chrom	Pos	Ref	Alt	1
chr1	100	A	G	chr1,chr1
chr1	200	C	T	chr1,chr1
chr2	150	G	A	chr2
<<<
>>> cmd.map.flag_not
Chrom	Pos	Ref	Alt	Posx	Gene
chr1	100	A	G	100,250	BRCA1,TP53
chr1	200	C	T	100,250	BRCA1,TP53
chr2	150	G	A	150	EGFR
<<<
>>> cmd.map.flag_ordered
Chrom	Pos	Ref	Alt	Posx	Gene
chr1	100	A	G	100,250	BRCA1,TP53
chr1	200	C	T	100,250	BRCA1,TP53
chr2	150	G	A	150	EGFR
<<<
