# GOR compatibility baselines. Generated by :compat:accept — do not hand-edit.
>>> cmd.merge.bare
Chrom	Pos	Ref	Alt	Gene
chr1	100	A	G	
chr1	100			BRCA1
chr1	200	C	T	
chr1	250			TP53
chr2	150			EGFR
<<<
>>> cmd.merge.flag_c
Chrom	Pos	Ref	Alt	Gene
chr1	100	A	G	
chr1	100			BRCA1
chr1	200	C	T	
chr1	250			TP53
chr2	150	G	A	
<<<
>>> cmd.merge.flag_e
Chrom	Pos	Ref	Alt	Gene
chr1	100	A	G	0
chr1	100	0	0	BRCA1
chr1	200	C	T	0
chr1	250	0	0	TP53
chr2	150	0	0	EGFR
<<<
>>> cmd.merge.flag_i
Chrom	Pos
chr1	100
chr1	100
chr1	200
chr1	250
chr2	150
<<<
>>> cmd.merge.flag_s
Chrom	Pos	Ref	Alt	Gene	Source
chr1	100	A	G		L
chr1	100			BRCA1	R
chr1	200	C	T		L
chr1	250			TP53	R
chr2	150			EGFR	R
<<<
>>> cmd.merge.flag_u
Chrom	Pos	Ref	Alt	Gene
chr1	100	A	G	
chr1	100			BRCA1
chr1	200	C	T	
chr1	250			TP53
chr2	150			EGFR
<<<
