# GOR compatibility baselines. Generated by :compat:accept — do not hand-edit.
>>> cmd.pedpivot.bare
Chrom	Pos	P_PN	P_GT	F_PN	F_GT	M_PN	M_GT
chr1	100	PN001	0/1	PN002	1/1	?	?
chr1	200	PN001	0/0	?	?	?	?
<<<
>>> cmd.pedpivot.flag_a
Chrom	Pos	P_PN	P_GT	F_PN	F_GT	M_PN	M_GT
chr1	100	PN001	0/1	PN002	1/1	?	?
chr1	100	PN002	1/1	?	?	?	?
chr1	200	PN001	0/0	?	?	?	?
<<<
>>> cmd.pedpivot.flag_e
Chrom	Pos	P_PN	P_GT	F_PN	F_GT	M_PN	M_GT
chr1	100	PN001	0/1	PN002	1/1	0	0
chr1	200	PN001	0/0	0	0	0	0
<<<
>>> cmd.pedpivot.flag_gc
Chrom	Pos	P_PN	P_GT	F_PN	F_GT	M_PN	M_GT
chr1	100	PN001	0/1	PN002	1/1	?	?
chr1	200	PN001	0/0	?	?	?	?
<<<
>>> cmd.pedpivot.flag_v
Chrom	Pos	Person_PN	Person_GT	Father_PN	Father_GT	Mother_PN	Mother_GT
chr1	100	PN001	0/1	PN002	1/1	?	?
chr1	200	PN001	0/0	?	?	?	?
<<<
