# GOR compatibility baselines. Generated by :compat:accept — do not hand-edit.
>>> cmd.pileup.flag_bq
ERROR: Necessary BAM columns not found:
Column ISIZE is not in header

1: CHROM
2: POS
3: REF
4: ALT
<<<
>>> cmd.pileup.flag_depth
ERROR: Necessary BAM columns not found:
Column ISIZE is not in header

1: CHROM
2: POS
3: REF
4: ALT
<<<
>>> cmd.pileup.flag_df
ERROR: Necessary BAM columns not found:
Column ISIZE is not in header

1: CHROM
2: POS
3: REF
4: ALT
<<<
>>> cmd.pileup.flag_gc
ERROR: Necessary BAM columns not found:
Column ISIZE is not in header

1: CHROM
2: POS
3: REF
4: ALT
<<<
>>> cmd.pileup.flag_gt
ERROR: Necessary BAM columns not found:
Column ISIZE is not in header

1: CHROM
2: POS
3: REF
4: ALT
<<<
>>> cmd.pileup.flag_i
ERROR: Necessary BAM columns not found:
Column ISIZE is not in header

1: CHROM
2: POS
3: REF
4: ALT
<<<
>>> cmd.pileup.flag_mprob
ERROR: Necessary BAM columns not found:
Column ISIZE is not in header

1: CHROM
2: POS
3: REF
4: ALT
<<<
>>> cmd.pileup.flag_nf
ERROR: Necessary BAM columns not found:
Column ISIZE is not in header

1: CHROM
2: POS
3: REF
4: ALT
<<<
>>> cmd.pileup.flag_p
ERROR: Necessary BAM columns not found:
Column ISIZE is not in header

1: CHROM
2: POS
3: REF
4: ALT
<<<
>>> cmd.pileup.flag_q
ERROR: Necessary BAM columns not found:
Column ISIZE is not in header

1: CHROM
2: POS
3: REF
4: ALT
<<<
>>> cmd.pileup.flag_sex
ERROR: Necessary BAM columns not found:
Column ISIZE is not in header

1: CHROM
2: POS
3: REF
4: ALT
<<<
>>> cmd.pileup.flag_soc
ERROR: Necessary BAM columns not found:
Column ISIZE is not in header

1: CHROM
2: POS
3: REF
4: ALT
<<<
>>> cmd.pileup.flag_span
ERROR: Necessary BAM columns not found:
Column ISIZE is not in header

1: CHROM
2: POS
3: REF
4: ALT
<<<
