# GOR compatibility baselines. Generated by :compat:accept — do not hand-edit.
>>> cmd.pivot.flag_e
Chrom	Pos	A_Alt	C_Alt
chr1	100	G	0
chr1	200	0	T
chr2	150	0	0
<<<
>>> cmd.pivot.flag_gc
Chrom	Pos	A_Alt	C_Alt
chr1	100	G	?
chr1	200	?	T
chr2	150	?	?
<<<
>>> cmd.pivot.flag_h
Chrom	Pos	A_Alt	C_Alt
chr1	100	G	?
chr1	200	?	T
chr2	150	?	?
<<<
>>> cmd.pivot.flag_ordered
Chrom	Pos	A_Alt	C_Alt
chr1	100	G	?
chr1	200	?	T
chr2	150	?	?
<<<
>>> cmd.pivot.flag_v
Chrom	Pos	A_Alt	C_Alt
chr1	100	G	?
chr1	200	?	T
chr2	150	?	?
<<<
