# GOR compatibility baselines. Generated by :compat:accept — do not hand-edit.
>>> cmd.plinkregression.flag_1
ERROR: There must be a reference allele column, alternative allele column and value column.
<<<
>>> cmd.plinkregression.flag_cvs
ERROR: There must be a reference allele column, alternative allele column and value column.
<<<
>>> cmd.plinkregression.flag_dom
ERROR: There must be a reference allele column, alternative allele column and value column.
<<<
>>> cmd.plinkregression.flag_firth
ERROR: There must be a reference allele column, alternative allele column and value column.
<<<
>>> cmd.plinkregression.flag_geno
ERROR: There must be a reference allele column, alternative allele column and value column.
<<<
>>> cmd.plinkregression.flag_hc
ERROR: There must be a reference allele column, alternative allele column and value column.
<<<
>>> cmd.plinkregression.flag_hwe
ERROR: There must be a reference allele column, alternative allele column and value column.
<<<
>>> cmd.plinkregression.flag_imp
ERROR: There must be a reference allele column, alternative allele column and value column.
<<<
>>> cmd.plinkregression.flag_maf
ERROR: There must be a reference allele column, alternative allele column and value column.
<<<
>>> cmd.plinkregression.flag_qn
ERROR: There must be a reference allele column, alternative allele column and value column.
<<<
>>> cmd.plinkregression.flag_rec
ERROR: There must be a reference allele column, alternative allele column and value column.
<<<
>>> cmd.plinkregression.flag_vcf
ERROR: Error when running plink2
class java.util.concurrent.ExecutionException: java.io.IOException: Cannot run program "plink2" (in directory "${ROOT}"): error=2, No such file or directory
<<<
>>> cmd.plinkregression.flag_vs
ERROR: There must be a reference allele column, alternative allele column and value column.
<<<
