# GOR compatibility baselines. Generated by :compat:accept — do not hand-edit.
>>> cmd.prgtgen.bare
Chrom	Pos	AF	AN	pAB	pBB	Bucket	Values
chr1	100	0.27872	2	0.55005	0.0036906	b1	t~"~  
chr1	200	0.49954	1	0.98913	0.0049763	b1	!~    
<<<
>>> cmd.prgtgen.flag_anc
Chrom	Pos	AF	AN	pAB	pBB	Bucket	Values
chr1	100	0.27872	2	0.55005	0.0036906	b1	t~"~  
chr1	200	0.49954	1	0.98913	0.0049763	b1	!~    
<<<
>>> cmd.prgtgen.flag_combgt
Chrom	Pos	AF	AN	pAB	pBB	Bucket	Values
chr1	100	0.27872	2	0.55005	0.0036906	b1	t~"~  
chr1	200	0.49954	1	0.98913	0.0049763	b1	!~    
<<<
>>> cmd.prgtgen.flag_crc
Chrom	Pos	AF	AN	pAB	pBB	Bucket	Values
chr1	100	0.27872	2	0.55005	0.0036906	b1	t~"~  
chr1	200	0.49954	1	0.98913	0.0049763	b1	!~    
<<<
>>> cmd.prgtgen.flag_e
Chrom	Pos	AF	AN	pAB	pBB	Bucket	Values
chr1	100	0.27872	2	0.55005	0.0036906	b1	t~"~  
chr1	200	0.49954	1	0.98913	0.0049763	b1	!~    
<<<
>>> cmd.prgtgen.flag_fpab
Chrom	Pos	AF	AN	pAB	pBB	Bucket	Values
chr1	100	0.25401	2	0.50000	0.0040131	b1	{~$~  
chr1	200	0.49849	1	0.98697	0.0050017	b1	!~    
<<<
>>> cmd.prgtgen.flag_fpbb
Chrom	Pos	AF	AN	pAB	pBB	Bucket	Values
chr1	100	0.26130	2	0.51539	0.0036029	b1	y~#~  
chr1	200	0.49908	1	0.98825	0.0049588	b1	!~    
<<<
>>> cmd.prgtgen.flag_gc
Chrom	Pos	Chromx	AF	AN	pAB	pBB	Bucket	Values
chr1	100	chr1	0.27872	2	0.55005	0.0036906	b1	t~"~  
chr1	200	chr1	0.49954	1	0.98913	0.0049763	b1	!~    
<<<
>>> cmd.prgtgen.flag_gl
Chrom	Pos	AF	AN	pAB	pBB	Bucket	Values
chr1	100	0.50000	2	0.0033003	0.49835	b1	~!~~  
chr1	200	0.99261	1	0.0049261	0.99015	b1	~!    
<<<
>>> cmd.prgtgen.flag_gp
Chrom	Pos	AF	AN	pAB	pBB	Bucket	Values
chr1	100	0.93303	2	0.0044997	0.93078	b1	~!~,  
chr1	200	0.98506	1	0.0049261	0.98260	b1	~"    
<<<
>>> cmd.prgtgen.flag_ld
Chrom	Pos	AF	AN	pAB	pBB	Bucket	Values
chr1	100	0.27872	2	0.55005	0.0036906	b1	t~"~  
chr1	200	0.49954	1	0.98913	0.0049763	b1	!~    
<<<
>>> cmd.prgtgen.flag_maxit
Chrom	Pos	AF	AN	pAB	pBB	Bucket	Values
chr1	100	0.27872	2	0.55005	0.0036906	b1	t~"~  
chr1	200	0.49954	1	0.98913	0.0049763	b1	!~    
<<<
>>> cmd.prgtgen.flag_maxseg
Chrom	Pos	AF	AN	pAB	pBB	Bucket	Values
chr1	100	0.27872	2	0.55005	0.0036906	b1	t~"~  
chr1	200	0.49954	1	0.98913	0.0049763	b1	!~    
<<<
>>> cmd.prgtgen.flag_osep
Chrom	Pos	AF	AN	pAB	pBB	Bucket	Values
chr1	100	0.27872	2	0.55005	0.0036906	b1	0.88725;0.11267;7.5600e-05,0.0078077;0.99153;0.00066527,;;
chr1	200	0.49954	1	0.98913	0.0049763	b1	0.00057834;0.99937;5.0279e-05,;;,;;
<<<
>>> cmd.prgtgen.flag_pabc
Chrom	Pos	AF	AN	pAB	pBB	Bucket	Values
chr1	100	0.27872	2	0.55005	0.0036906	b1	t~"~  
chr1	200	0.49954	1	0.98913	0.0049763	b1	!~    
<<<
>>> cmd.prgtgen.flag_pbbc
Chrom	Pos	AF	AN	pAB	pBB	Bucket	Values
chr1	100	0.27872	2	0.55005	0.0036906	b1	t~"~  
chr1	200	0.49954	1	0.98913	0.0049763	b1	!~    
<<<
>>> cmd.prgtgen.flag_pl
Chrom	Pos	AF	AN	pAB	pBB	Bucket	Values
chr1	100	0.27872	2	0.55005	0.0036906	b1	t~"~  
chr1	200	0.49954	1	0.98913	0.0049763	b1	!~    
<<<
>>> cmd.prgtgen.flag_prgc
Chrom	Pos	AF	AN	pAB	pBB	Bucket	Values
chr1	100	0.27872	2	0.55005	0.0036906	b1	t~"~  
chr1	200	0.49954	1	0.98913	0.0049763	b1	!~    
<<<
>>> cmd.prgtgen.flag_psep
ERROR: Error initializing query: Header for prcoverage (Chrom,bpStart,bpStop,PN,depth) is different from the first opened file tagbuckets (PN,bucket)
<<<
>>> cmd.prgtgen.flag_rd
Chrom	Pos	AF	AN	pAB	pBB	Bucket	Values
chr1	100	0.27872	2	0.55005	0.0036906	b1	t~"~  
chr1	200	0.49954	1	0.98913	0.0049763	b1	!~    
<<<
>>> cmd.prgtgen.flag_th
Chrom	Pos	AF	AN	pAB	pBB	Bucket	Values
chr1	100	0.27872	2	0.55005	0.0036906	b1	013
chr1	200	0.49954	1	0.98913	0.0049763	b1	133
<<<
>>> cmd.prgtgen.flag_tol
Chrom	Pos	AF	AN	pAB	pBB	Bucket	Values
chr1	100	0.27872	2	0.55005	0.0036906	b1	t~"~  
chr1	200	0.49954	1	0.98913	0.0049763	b1	!~    
<<<
