# GOR compatibility baselines. Generated by :compat:accept — do not hand-edit.
>>> cmd.rank.flag_b
Chrom	Pos	Ref	Alt	rank_Pos	rank1_Pos
chr1	100	A	G	2	200
chr1	200	C	T	1	200
chr2	150	G	A	1	150
<<<
>>> cmd.rank.flag_c
Chrom	Pos	Ref	Alt	rank_Pos	binCount
chr1	100	A	G	2	2
chr1	200	C	T	1	2
chr2	150	G	A	1	1
<<<
>>> cmd.rank.flag_gc
Chrom	Pos	Ref	Alt	rank_Pos
chr1	100	A	G	2
chr1	200	C	T	1
chr2	150	G	A	1
<<<
>>> cmd.rank.flag_q
Chrom	Pos	Ref	Alt	rank_Pos	lowOReqRank	eqRank
chr1	100	A	G	2	1.0000	0.5000
chr1	200	C	T	1	0.5000	0.5000
chr2	150	G	A	1	1.0000	1.0000
<<<
>>> cmd.rank.flag_rmax
Chrom	Pos	Ref	Alt	rank_Pos
chr1	200	C	T	1
chr2	150	G	A	1
<<<
>>> cmd.rank.flag_z
Chrom	Pos	Ref	Alt	rank_Pos	z_Pos
chr1	100	A	G	2	-0.7071
chr1	200	C	T	1	0.7071
chr2	150	G	A	1	0.0000
<<<
