# GOR compatibility baselines. Generated by :compat:accept — do not hand-edit.
>>> cmd.relremove.bare
ChromNOR	PosNOR	col1	col2	col3
chrN	0	PN	Sex	Age
chrN	0	PN001	M	42
chrN	0	PN002	F	37
<<<
>>> cmd.relremove.flag_rsymb
ChromNOR	PosNOR	col1	col2	col3
chrN	0	PN	Sex	Age
chrN	0	PN001	M	42
chrN	0	PN002	F	37
<<<
>>> cmd.relremove.flag_sepcc
ChromNOR	PosNOR	col1	col2	col3
chrN	0	PN	Sex	Age
chrN	0	PN001	M	42
chrN	0	PN002	F	37
<<<
>>> cmd.relremove.flag_weightcol
ERROR: Column POS is not in header

1: CHROMNOR
2: POSNOR
3: COL1
4: COL2
5: COL3
<<<
