# GOR compatibility baselines. Generated by :compat:accept — do not hand-edit.
>>> cmd.segproj.bare
Chrom	bpStart	bpStop	segCount
chr1	50	150	1
chr1	180	260	1
chr2	100	200	1
<<<
>>> cmd.segproj.flag_f
Chrom	bpStart	bpStop	segCount
chr1	49	151	1
chr1	179	261	1
chr2	99	201	1
<<<
>>> cmd.segproj.flag_gc
Chrom	bpStart	bpStop	Chromx	segCount
chr1	50	150	chr1	1
chr1	180	260	chr1	1
chr2	100	200	chr2	1
<<<
>>> cmd.segproj.flag_maxseg
Chrom	bpStart	bpStop	segCount
chr1	50	150	1
chr1	180	260	1
chr2	100	200	1
<<<
>>> cmd.segproj.flag_sumcol
ERROR: Column POS is not in header

1: CHROM
2: BPSTART
3: BPSTOP
4: NAME
<<<
