# GOR compatibility baselines. Generated by :compat:accept — do not hand-edit.
>>> cmd.varjoin.flag_alt
Chrom	Pos	Ref	Alt	Posx	Refx	Altx
chr1	100	A	G	100	A	G
chr1	200	C	T	200	C	T
chr2	150	G	A	150	G	A
<<<
>>> cmd.varjoin.flag_altl
Chrom	Pos	Ref	Alt	Posx	Refx	Altx
<<<
>>> cmd.varjoin.flag_altr
Chrom	Pos	Ref	Alt	Posx	Refx	Altx
<<<
>>> cmd.varjoin.flag_e
Chrom	Pos	Ref	Alt	Posx	Refx	Altx
chr1	100	A	G	100	A	G
chr1	200	C	T	200	C	T
chr2	150	G	A	150	G	A
<<<
>>> cmd.varjoin.flag_i
Chrom	Pos	Ref	Alt
chr1	100	A	G
chr1	200	C	T
chr2	150	G	A
<<<
>>> cmd.varjoin.flag_ic
Chrom	Pos	Ref	Alt	OverlapCount
chr1	100	A	G	1
chr1	200	C	T	1
chr2	150	G	A	1
<<<
>>> cmd.varjoin.flag_ir
Chrom	Pos	Ref	Alt
chr1	100	A	G
chr1	200	C	T
chr2	150	G	A
<<<
>>> cmd.varjoin.flag_l
Chrom	Pos	Ref	Alt	Posx	Refx	Altx
chr1	100	A	G	100	A	G
chr1	200	C	T	200	C	T
chr2	150	G	A	150	G	A
<<<
>>> cmd.varjoin.flag_maxseg
Chrom	Pos	Ref	Alt	Posx	Refx	Altx
chr1	100	A	G	100	A	G
chr1	200	C	T	200	C	T
chr2	150	G	A	150	G	A
<<<
>>> cmd.varjoin.flag_n
Chrom	Pos	Ref	Alt
<<<
>>> cmd.varjoin.flag_nonorm
Chrom	Pos	Ref	Alt	Posx	Refx	Altx
chr1	100	A	G	100	A	G
chr1	200	C	T	200	C	T
chr2	150	G	A	150	G	A
<<<
>>> cmd.varjoin.flag_norm
Chrom	Pos	Ref	Alt	Posx	Refx	Altx
chr1	100	A	G	100	A	G
chr1	200	C	T	200	C	T
chr2	150	G	A	150	G	A
<<<
>>> cmd.varjoin.flag_p
Chrom	Pos	Ref	Alt	Posx	Refx	Altx
chr1	100	A	G	100	A	G
chr1	200	C	T	200	C	T
chr2	150	G	A	150	G	A
<<<
>>> cmd.varjoin.flag_r
Chrom	Pos	Ref	Alt
chr1	100	A	G
chr1	200	C	T
chr2	150	G	A
<<<
>>> cmd.varjoin.flag_ref
Chrom	Pos	Ref	Alt	Posx	Refx	Altx
chr1	100	A	G	100	A	G
chr1	200	C	T	200	C	T
chr2	150	G	A	150	G	A
<<<
>>> cmd.varjoin.flag_refl
Chrom	Pos	Ref	Alt	Posx	Refx	Altx
<<<
>>> cmd.varjoin.flag_refr
Chrom	Pos	Ref	Alt	Posx	Refx	Altx
<<<
>>> cmd.varjoin.flag_s
Chrom	Pos	Ref	Alt	Posx	Refx	Altx	Gene
chr1	100	A	G	100	A	G	left.gor
chr1	200	C	T	200	C	T	left.gor
chr2	150	G	A	150	G	A	left.gor
<<<
>>> cmd.varjoin.flag_span
Chrom	Pos	Ref	Alt	Posx	Refx	Altx
chr1	100	A	G	100	A	G
chr1	200	C	T	200	C	T
chr2	150	G	A	150	G	A
<<<
>>> cmd.varjoin.flag_stdin
Chrom	Pos	Ref	Alt	Posx	Refx	Altx
chr1	100	A	G	100	A	G
chr1	200	C	T	200	C	T
chr2	150	G	A	150	G	A
<<<
>>> cmd.varjoin.flag_xcis
Chrom	Pos	Ref	Alt	Posx	Refx	Altx
chr1	100	A	G	100	A	G
chr1	200	C	T	200	C	T
chr2	150	G	A	150	G	A
<<<
>>> cmd.varjoin.flag_xl
ERROR: Error in equi-join. You must specify both -xl and -xr, not just one of them.
<<<
>>> cmd.varjoin.flag_xr
ERROR: Error in equi-join. You must specify both -xl and -xr, not just one of them.
<<<
