# GOR compatibility baselines. Generated by :compat:accept — do not hand-edit.
>>> cmd.varnorm.bare
Chrom	Pos	Ref	Alt
chr1	100	A	G
chr1	200	C	T
chr2	150	G	A
<<<
>>> cmd.varnorm.flag_left
Chrom	Pos	Ref	Alt
chr1	100	A	G
chr1	200	C	T
chr2	150	G	A
<<<
>>> cmd.varnorm.flag_right
Chrom	Pos	Ref	Alt
chr1	100	A	G
chr1	200	C	T
chr2	150	G	A
<<<
>>> cmd.varnorm.flag_seg
Chrom	Pos	Ref	Alt
chr1	100	A	G
chr1	200	C	T
chr2	150	G	A
<<<
>>> cmd.varnorm.flag_span
Chrom	Pos	Ref	Alt
chr1	100	A	G
chr1	200	C	T
chr2	150	G	A
<<<
>>> cmd.varnorm.flag_trim
Chrom	Pos	Ref	Alt
chr1	100	A	G
chr1	200	C	T
chr2	150	G	A
<<<
