# GOR compatibility baselines. Generated by :compat:accept — do not hand-edit.
>>> docs.gorrows.block_2
chrom	pos
chr1	0
chr1	1
chr1	2
chr1	3
chr1	4
chr1	5
chr1	6
chr1	7
chr1	8
chr1	9
<<<
>>> docs.gorrows.block_3
chrom	bpStart	bpStop
chr1	0	100
chr1	1	101
chr1	2	102
chr1	3	103
chr1	4	104
chr1	5	105
chr1	6	106
chr1	7	107
chr1	8	108
chr1	9	109
<<<
>>> docs.gorrows.block_4
chrom	pos
chr1	0
chr1	10
chr1	20
chr1	30
chr1	40
chr1	50
chr1	60
chr1	70
chr1	80
chr1	90
<<<
>>> docs.gorrows.block_5
chrom	bpStart	bpStop
chr1	0	100
chr1	10	110
chr1	20	120
chr1	30	130
chr1	40	140
chr1	50	150
chr1	60	160
chr1	70	170
chr1	80	180
chr1	90	190
<<<
