# GOR compatibility baselines. Generated by :compat:accept — do not hand-edit.
>>> docs.listfilter.block_1
ERROR: Error in step: CALC filtered_list listfilter(example_list,'x!=c')
Invalid String variable name: c.
Header: chrom	bpStart	bpStop	example_list
Row: All rows.
<<<
>>> docs.listfilter.block_2
chrom	bpStart	bpStop	example_list	filtered_list
chr1	1	1	3,6,9,12	9,12
<<<
>>> docs.listfilter.block_3
chrom	bpStart	bpStop	column_1	column_2	filtered_list
chr1	1	1	4	1,2,3,4	1,2,3
<<<
>>> docs.listfilter.block_4
chrom	bpStart	bpStop	example_list	filtered_list
chr1	1	1	apples,bananas,pears,peaches,apricots	bananas,pears,peaches,apricots
<<<
>>> docs.listfilter.block_5
chrom	bpStart	bpStop	example_list	filtered_list
chr1	1	1	apples,bananas,pears,peaches,apricots	bananas,pears,peaches,apricots
<<<
>>> docs.listfilter.block_6
chrom	bpStart	bpStop	example_list	filtered_list
chr1	1	1	apples,bananas,pears,peaches,apricots	pears,peaches,apricots
<<<
