# GOR compatibility baselines. Generated by :compat:accept — do not hand-edit.
>>> is.gor.bare
Chrom	Pos	Ref	Alt
chr1	100	A	G
chr1	200	C	T
chr2	150	G	A
<<<
>>> is.gor.flag_b
Chrom	Pos	Ref	Alt
chr1	100	A	G
chr1	200	C	T
chr2	150	G	A
<<<
>>> is.gor.flag_c
ERROR: Invalid arguments in gor query. Argument(s) -c not a part of this command
<<<
>>> is.gor.flag_f
Chrom	Pos	Ref	Alt	Source
<<<
>>> is.gor.flag_fs
Chrom	Pos	Ref	Alt
chr1	100	A	G
chr1	200	C	T
chr2	150	G	A
<<<
>>> is.gor.flag_g
ERROR: Invalid arguments in gor query. Argument(s) -g not a part of this command
<<<
>>> is.gor.flag_nf
Chrom	Pos	Ref	Alt
chr1	100	A	G
chr1	200	C	T
chr2	150	G	A
<<<
>>> is.gor.flag_nowithin
Chrom	Pos	Ref	Alt
chr1	100	A	G
chr1	200	C	T
chr2	150	G	A
<<<
>>> is.gor.flag_p
Chrom	Pos	Ref	Alt
chr1	100	A	G
chr1	200	C	T
<<<
>>> is.gor.flag_parts
Chrom	Pos	Ref	Alt
chr1	100	A	G
chr1	200	C	T
chr2	150	G	A
<<<
>>> is.gor.flag_q
ERROR: Invalid arguments in gor query. Argument(s) -q not a part of this command
<<<
>>> is.gor.flag_s
Chrom	Pos	Ref	Alt	Gene
chr1	100	A	G	left.gor
chr1	200	C	T	left.gor
chr2	150	G	A	left.gor
<<<
>>> is.gor.flag_stdin
Chrom	Pos	Ref	Alt
chr1	100	A	G
chr1	200	C	T
chr2	150	G	A
<<<
>>> is.gor.flag_w
ERROR: Invalid arguments in gor query. Argument(s) -w not a part of this command
<<<
>>> is.gor.flag_y
Chrom	Pos	Ref	Alt
chr1	100	A	G
chr1	200	C	T
chr2	150	G	A
<<<
