# GOR compatibility baselines. Generated by :compat:accept — do not hand-edit.
>>> is.gorif.bare
Chrom	Pos	Ref	Alt
chr1	100	A	G
chr1	200	C	T
chr2	150	G	A
<<<
>>> is.gorif.flag_b
Chrom	Pos	Ref	Alt
chr1	100	A	G
chr1	200	C	T
chr2	150	G	A
<<<
>>> is.gorif.flag_c
ERROR: Invalid arguments in gor query. Argument(s) -c not a part of this command
<<<
>>> is.gorif.flag_dh
Chrom	Pos	Ref	Alt
chr1	100	A	G
chr1	200	C	T
chr2	150	G	A
<<<
>>> is.gorif.flag_f
Chrom	Pos	Ref	Alt	Source
<<<
>>> is.gorif.flag_ff
Chrom	Pos	Ref	Alt	Source
<<<
>>> is.gorif.flag_fs
Chrom	Pos	Ref	Alt
chr1	100	A	G
chr1	200	C	T
chr2	150	G	A
<<<
>>> is.gorif.flag_g
ERROR: Invalid arguments in gor query. Argument(s) -g not a part of this command
<<<
>>> is.gorif.flag_nf
Chrom	Pos	Ref	Alt
chr1	100	A	G
chr1	200	C	T
chr2	150	G	A
<<<
>>> is.gorif.flag_nowithin
Chrom	Pos	Ref	Alt
chr1	100	A	G
chr1	200	C	T
chr2	150	G	A
<<<
>>> is.gorif.flag_p
Chrom	Pos	Ref	Alt
chr1	100	A	G
chr1	200	C	T
<<<
>>> is.gorif.flag_parts
Chrom	Pos	Ref	Alt
chr1	100	A	G
chr1	200	C	T
chr2	150	G	A
<<<
>>> is.gorif.flag_q
ERROR: Invalid arguments in gor query. Argument(s) -q not a part of this command
<<<
>>> is.gorif.flag_s
Chrom	Pos	Ref	Alt	Gene
chr1	100	A	G	left.gor
chr1	200	C	T	left.gor
chr2	150	G	A	left.gor
<<<
>>> is.gorif.flag_seek
ERROR: Failed to parse seek position: -seek,chr1:1-1000,${ROOT}/left.gor
<<<
>>> is.gorif.flag_stdin
Chrom	Pos	Ref	Alt
chr1	100	A	G
chr1	200	C	T
chr2	150	G	A
<<<
>>> is.gorif.flag_time
Chrom	Pos	Ref	Alt
chr1	100	A	G
chr1	200	C	T
chr2	150	G	A
<<<
>>> is.gorif.flag_w
ERROR: Invalid arguments in gor query. Argument(s) -w not a part of this command
<<<
>>> is.gorif.flag_y
Chrom	Pos	Ref	Alt
chr1	100	A	G
chr1	200	C	T
chr2	150	G	A
<<<
