# GOR compatibility baselines. Generated by :compat:accept — do not hand-edit.
>>> is.gornor.bare
ChromNOR	PosNOR	col1	col2	col3
chrN	0	PN	Sex	Age
chrN	0	PN001	M	42
chrN	0	PN002	F	37
<<<
>>> is.gornor.flag_asdict
ChromNOR	PosNOR	col1	col2	col3
chrN	0	PN	Sex	Age
chrN	0	PN001	M	42
chrN	0	PN002	F	37
<<<
>>> is.gornor.flag_c
ChromNOR	PosNOR	col1	col2	col3
chrN	0	PN	Sex	Age
chrN	0	PN001	M	42
chrN	0	PN002	F	37
<<<
>>> is.gornor.flag_f
ChromNOR	PosNOR	col1	col2	col3
chrN	0	PN	Sex	Age
chrN	0	PN001	M	42
chrN	0	PN002	F	37
<<<
>>> is.gornor.flag_fs
ChromNOR	PosNOR	col1	col2	col3
chrN	0	PN	Sex	Age
chrN	0	PN001	M	42
chrN	0	PN002	F	37
<<<
>>> is.gornor.flag_h
ChromNOR	PosNOR	PN	Sex	Age
chrN	0	PN001	M	42
chrN	0	PN002	F	37
<<<
>>> is.gornor.flag_i
ChromNOR	PosNOR	col1	col2	col3
chrN	0	PN	Sex	Age
chrN	0	PN001	M	42
chrN	0	PN002	F	37
<<<
>>> is.gornor.flag_m
ChromNOR	PosNOR	col1	col2	col3
chrN	0	PN	Sex	Age
chrN	0	PN001	M	42
chrN	0	PN002	F	37
<<<
>>> is.gornor.flag_nl
ChromNOR	PosNOR	col1	col2	col3
chrN	0	PN	Sex	Age
chrN	0	PN001	M	42
chrN	0	PN002	F	37
<<<
>>> is.gornor.flag_nv
ChromNOR	PosNOR	col1	col2	col3
chrN	0	PN	Sex	Age
chrN	0	PN001	M	42
chrN	0	PN002	F	37
<<<
>>> is.gornor.flag_r
ChromNOR	PosNOR	col1	col2	col3
chrN	0	PN	Sex	Age
chrN	0	PN001	M	42
chrN	0	PN002	F	37
<<<
>>> is.gornor.flag_s
ChromNOR	PosNOR	col1	col2	col3
chrN	0	PN	Sex	Age
chrN	0	PN001	M	42
chrN	0	PN002	F	37
<<<
