# GOR compatibility baselines. Generated by :compat:accept — do not hand-edit.
>>> is.norif.bare
ChromNOR	PosNOR	col1	col2	col3
chrN	0	PN	Sex	Age
chrN	0	PN001	M	42
chrN	0	PN002	F	37
<<<
>>> is.norif.flag_asdict
ChromNOR	PosNOR	col1	col2	col3
chrN	0	PN	Sex	Age
chrN	0	PN001	M	42
chrN	0	PN002	F	37
<<<
>>> is.norif.flag_c
ChromNOR	PosNOR	col1	col2	col3
chrN	0	PN	Sex	Age
chrN	0	PN001	M	42
chrN	0	PN002	F	37
<<<
>>> is.norif.flag_d
ChromNOR	PosNOR	col1	col2	col3
chrN	0	PN	Sex	Age
chrN	0	PN001	M	42
chrN	0	PN002	F	37
<<<
>>> is.norif.flag_dh
ChromNOR	PosNOR	col1	col2	col3
chrN	0	PN	Sex	Age
chrN	0	PN001	M	42
chrN	0	PN002	F	37
<<<
>>> is.norif.flag_f
ChromNOR	PosNOR	col1	col2	col3
chrN	0	PN	Sex	Age
chrN	0	PN001	M	42
chrN	0	PN002	F	37
<<<
>>> is.norif.flag_ff
ChromNOR	PosNOR	col1	col2	col3
chrN	0	PN	Sex	Age
chrN	0	PN001	M	42
chrN	0	PN002	F	37
<<<
>>> is.norif.flag_fs
ChromNOR	PosNOR	col1	col2	col3
chrN	0	PN	Sex	Age
chrN	0	PN001	M	42
chrN	0	PN002	F	37
<<<
>>> is.norif.flag_h
ChromNOR	PosNOR	PN	Sex	Age
chrN	0	PN001	M	42
chrN	0	PN002	F	37
<<<
>>> is.norif.flag_i
ChromNOR	PosNOR	col1	col2	col3
chrN	0	PN	Sex	Age
chrN	0	PN001	M	42
chrN	0	PN002	F	37
<<<
>>> is.norif.flag_m
ChromNOR	PosNOR	col1	col2	col3
chrN	0	PN	Sex	Age
chrN	0	PN001	M	42
chrN	0	PN002	F	37
<<<
>>> is.norif.flag_nl
ChromNOR	PosNOR	col1	col2	col3
chrN	0	PN	Sex	Age
chrN	0	PN001	M	42
chrN	0	PN002	F	37
<<<
>>> is.norif.flag_nv
ChromNOR	PosNOR	col1	col2	col3
chrN	0	PN	Sex	Age
chrN	0	PN001	M	42
chrN	0	PN002	F	37
<<<
>>> is.norif.flag_r
ChromNOR	PosNOR	col1	col2	col3
chrN	0	PN	Sex	Age
chrN	0	PN001	M	42
chrN	0	PN002	F	37
<<<
>>> is.norif.flag_s
ChromNOR	PosNOR	col1	col2	col3
chrN	0	PN	Sex	Age
chrN	0	PN001	M	42
chrN	0	PN002	F	37
<<<
>>> is.norif.flag_time
ChromNOR	PosNOR	col1	col2	col3
chrN	0	PN	Sex	Age
chrN	0	PN001	M	42
chrN	0	PN002	F	37
<<<
